
=== SH 2-1   Q3958747  Sh2-1
  codes: LBN 1093; LBN 346.83+20.76; SH 2-1
  category: none
  article Sh 2-1: lead image NONE (G0)
  full-text 'SH 2-1': 10 hit(s), e.g. ['File:Rho Ophiucus Widefield.jpg', 'File:The Harmonist - being a collection of tunes from the most approved authors; adapted to every variety of metre in the Methodist hymn-book .. (IA beingco00newy).pdf']
  => 0 item(s) of evidence that it is already illustrated

=== SH 2-20   Q3958792  Sh 2-20
  codes: LBN 000.33-00.20; ESO 455-39; LBN 3; PK 000-00 1; RCW 141; SH 2-20; SH 1-15; [WHR97] 17439-2845
  category: none
  article Sh 2-20: lead image https://upload.wikimedia.org/wikipedia/commons/1/16/RCW_141_DECaPS_DR2.jpg?utm_source=en.wikipedia.org&utm_campaign=api&utm_content=original
  full-text 'SH 2-20': 6 hit(s), e.g. ['File:RCW 141 DECaPS DR2.jpg', 'File:Sh2-20 DECaPS DR2.jpg']
  => 1 item(s) of evidence that it is already illustrated

=== SH 2-252 F   Q88634040  -
  codes: SH 2-252 F
  category: none
  article: none
  full-text 'SH 2-252 F': 0 hit(s), e.g. []
  => 0 item(s) of evidence that it is already illustrated

=== SH 2-285   Q81141420  -
  codes: SH 2-285
  category: none
  article: none
  full-text 'SH 2-285': 0 hit(s), e.g. []
  => 0 item(s) of evidence that it is already illustrated

=== SH 2-289   Q3958834  -
  codes: LBN 1014; LBN 218.92-04.42; SH 2-289
  category: none
  article: none
  full-text 'SH 2-289': 0 hit(s), e.g. []
  => 0 item(s) of evidence that it is already illustrated

=== SH 2-7   Q3958883  -
  codes: LBN 1099; LBN 349.82+22.02; SH 2-7
  category: none
  article Sh 2-7: lead image NONE (G0)
  full-text 'SH 2-7': 10 hit(s), e.g. ['File:A treatise of faith... 1657 (IA bim early-english-books-1641-1700 a-treatise-of-faith ball-john 1657).pdf', 'File:The case of the election for the city of Bristol. 1680 (IA bim early-english-books-1641-1700 the-case-of-the-election 1680).pdf']
  => 0 item(s) of evidence that it is already illustrated
