gap counts per catalogue, live Wikidata
    'Sh2'  gaps=     3  search index    1.5s
    'Sh2'  gaps=     1  class Q11282    4.1s
  'SH 2-'  gaps=   273  class Q11282    6.7s
    'RCW'  gaps=   176  search index    0.8s
   'Coll'  gaps=     4  search index    0.7s
   'Cald'  gaps=     0  search index    1.1s
  'Abell'  gaps=     8  search index    0.6s
    'NGC'  gaps= 33478  search index    0.5s
     'IC'  gaps=  6177  search index    0.5s
    'UGC'  gaps= 12348  search index    0.5s
    'PGC'  gaps= 13062  search index    0.5s

'SH 2-' (class Q11282): 273 gaps, 10 shown
  Q3958747  Sh2-1                        [SH 2-1]  also: LBN 1093, LBN 346.83+20.76  no coordinates
  Q3958746  SH 2-10                      [SH 2-10]  no coordinates
  Q83599440  LBN 070.24+01.53             [SH 2-100]  also: LBN 070.24+01.53, LBN 161, [T70] 30  no coordinates
  Q3958748  LBN 071.62-05.50             [SH 2-102]  also: LBN 071.62-05.50, LBN 169  no coordinates
  Q3958749  SH 2-104                     [SH 2-104]  also: LBN 074.83+00.62, LBN 195  no coordinates
  Q86446125  SH 2-105                     [SH 2-105]  also: EQ 201947.3+372136, [KC97c] G075.8+00.4, [L89b] 75.834+00.402  no coordinates
  Q74751433  SH 2-106 A                   [SH 2-106 A]  no coordinates
  Q74751482  SH 2-106 B                   [SH 2-106 B]  no coordinates
  Q74752317  SH 2-106 C                   [SH 2-106 C]  no coordinates
  Q3958750  LBN 077.41-03.72             [SH 2-107]  also: LBN 077.41-03.72, LBN 231  no coordinates

'RCW' (class index): 176 gaps, 10 shown
  Q76785601  RCW 145                      [RCW 145]  no coordinates
  Q83958631  RCW 149                      [RCW 149]  no coordinates
  Q92973407  RCW 24                       [RCW 24]  also: GSC2 S133120379577, PHR J0825-4013, PN G258.5-01.3, USNO-B1.0 0497-00136403  no coordinates
  Q3958836  Sh2-294                      [RCW 3]  also: LBN 1032, LBN 224.24+01.18, SH 2-294  no coordinates
  Q85947621  WRAY 17-31                   [RCW 44]  also: BRAN 267, ESO 166-21, GSC2 S111103072559, Gaia DR2 5307054800062198400  no coordinates
  Q3958840  SH 2-301                     [RCW 6]  also: SH 2-301  no coordinates
  Q91033854  BRAN 391B                    [RCW 66]  also: BRAN 391B, GRS G301.10 +01.00  no coordinates
  Q91753215  RCW 84                       [RCW 84]  no coordinates
  Q3928231  RCW 85                       [RCW 85]  no coordinates
  Q3928233  RCW 88                       [RCW 88]  also: PK 320+00 2  no coordinates

resolved 261 of 273 Sharpless gaps -> /media/sf_1/astronomical-images-for-Wikimedia/experiments/out/sharpless-coords.csv
types: HII=250, PN=2, bub=2, Y*O=2, Ae*=2, LP?=1
unresolved: SH 2-106 A, SH 2-106 B, SH 2-106 C, SH 2-187 A, SH 2-187 B, SH 2-233 A, SH 2-240 N, SH 2-249 N, SH 2-249 S, SH 2-52 A, SH 2-55 B, SH 2-69 B

MAST coverage at 0.1 deg, 261 cone searches, live
  25/261 checked
  50/261 checked
  75/261 checked
  100/261 checked
  125/261 checked
  150/261 checked
  175/261 checked
  200/261 checked
  225/261 checked
  250/261 checked
  261/261 checked
targets with any imaging: 261/261
instruments seen: [('Photometer', 258), ('GPC1', 256), ('GALEX', 120), ('SDSS Camera', 41), ('Kepler', 33), ('STIS/CCD', 21), ('ACS/WFC', 17), ('WFC3/IR', 16), ('NICMOS/NIC2', 13), ('NICMOS/NIC3', 10), ('NICMOS/NIC1', 8), ('WFPC2/PC', 8), ('WFPC2/WFC', 7), ('WFC3/UVIS', 7), ('WFPC2', 6), ('COS/FUV', 6), ('COS/NUV', 6), ('MIRI/IMAGE', 6), ('WFI', 4), ('NIRCAM/IMAGE', 4), ('ACS/HRC', 4), ('NIRISS/IMAGE', 3), ('NIRSPEC', 2), ('NIRSPEC/SLIT', 2), ('STIS/FUV-MAMA', 2), ('STIS/NUV-MAMA', 2), ('WFPC/PC', 1), ('WFPC/WFC', 1), ('NIRSPEC/MSA', 1), ('', 1), ('ACS/SBC', 1), ('NIRSPEC/IFU', 1), ('STIS/FUV-MA', 1)]
pointed observations (HST/JWST): 6
  SH 2-1       28 obs  GPC1,Kepler,Photometer,STIS/CCD,WFPC/PC,WFPC/WFC,WFPC2                 F1042M;F437N,F439W,F555W,F785LP,KEPLER,Kepler,MIRVIS,TESS,g,
  SH 2-20      97 obs  GALEX,GPC1,MIRI/IMAGE,NIRCAM/IMAGE,NIRISS/IMAGE,Photometer,WFI,WFPC2,W CLEAR;F200W,F087,F1042M;F437N,F146,F160BW,F212N,F212N;F480M,
  SH 2-252 F  252 obs  ACS/WFC,COS/FUV,COS/NUV,GPC1,Kepler,Photometer,STIS/CCD,WFC3/IR,WFC3/U DETECTION,F1042M;F437N,F105W,F125W,F160W,F160W;F125W;F105W,F
  SH 2-285     81 obs  GPC1,Photometer,SDSS Camera,STIS/CCD,STIS/NUV-MAMA,WFPC2,WFPC2/PC,WFPC DETECTION,F1042M;F437N,F300W,F450W,F555W,F606W,F814W,F814W;F
  SH 2-289    119 obs  GPC1,Photometer,STIS/CCD,WFPC2,WFPC2/PC,WFPC2/WFC                      DETECTION,F1042M;F437N,F170W;F606W,F185W;F606W,F218W,F218W;F
  SH 2-7       44 obs  ACS/HRC,ACS/WFC,GPC1,Kepler,Photometer,STIS/CCD,WFPC2,WFPC2/PC,WFPC2/W DETECTION,F1042M;F437N,F502N,F555W,F606W,F775W,F850LP,F850LP
